404 Not Found: POST /api/undefined at 2026-05-08T13:19:55.928Z
404 Not Found: GET /C:/Users/I.s%20computer/Desktop/All%20webiste/Lancers%20tech%20Lms/backend/uploads/submissions/submission-1778165716765-273558633.png at 2026-05-08T13:27:49.437Z
404 Not Found: GET /C:/Users/I.s%20computer/Desktop/All%20webiste/Lancers%20tech%20Lms/backend/uploads/submissions/submission-1778165716765-273558633.png at 2026-05-08T13:28:04.680Z
404 Not Found: POST /api/submissions/2/grade at 2026-05-08T13:28:37.542Z
404 Not Found: GET /C:/Users/I.s%20computer/Desktop/All%20webiste/Lancers%20tech%20Lms/backend/uploads/submissions/submission-1778165716765-273558633.png at 2026-05-08T18:18:57.444Z
404 Not Found: GET /loginMsg.js at 2026-05-09T10:40:57.974Z
404 Not Found: GET /cgi/get.cgi?cmd=home_login at 2026-05-09T10:40:57.978Z
404 Not Found: GET /loginMsg.js at 2026-05-09T11:11:34.875Z
404 Not Found: GET /cgi/get.cgi?cmd=home_login at 2026-05-09T11:11:34.879Z
404 Not Found: GET /api/rector/faculty at 2026-05-09T12:42:34.936Z
404 Not Found: GET /api/rector/students at 2026-05-09T12:42:34.942Z
404 Not Found: GET /api/rector/compliance at 2026-05-09T12:42:34.944Z
404 Not Found: GET /api/rector/faculty at 2026-05-09T12:42:34.947Z
404 Not Found: GET /api/rector/students at 2026-05-09T12:42:34.951Z
404 Not Found: GET /api/rector/compliance at 2026-05-09T12:42:34.953Z
404 Not Found: GET /api/rector/faculty at 2026-05-09T12:43:03.923Z
404 Not Found: GET /api/rector/students at 2026-05-09T12:43:03.925Z
404 Not Found: GET /api/rector/compliance at 2026-05-09T12:43:03.928Z
404 Not Found: GET /api/rector/faculty at 2026-05-09T12:43:28.352Z
404 Not Found: GET /api/rector/students at 2026-05-09T12:43:28.355Z
404 Not Found: GET /api/rector/compliance at 2026-05-09T12:43:28.364Z
404 Not Found: GET /api/rector/faculty at 2026-05-09T12:43:28.376Z
404 Not Found: GET /api/rector/students at 2026-05-09T12:43:28.378Z
404 Not Found: GET /api/rector/compliance at 2026-05-09T12:43:28.386Z
404 Not Found: GET /loginMsg.js at 2026-05-09T13:27:30.382Z
404 Not Found: GET /cgi/get.cgi?cmd=home_login at 2026-05-09T13:27:30.400Z
404 Not Found: GET /loginMsg.js at 2026-05-11T10:47:12.952Z
404 Not Found: GET /cgi/get.cgi?cmd=home_login at 2026-05-11T10:47:13.050Z
